0:0:0:0:0:0:0:1 - - [22/Jul/2023:11:18:14 +0800] "GET /nacos/ HTTP/1.1" 200 2624 73 Mozilla/5.0 (Windows NT 10.0; Win64; x64) AppleWebKit/537.36 (KHTML, like Gecko) Chrome/115.0.0.0 Safari/537.36 -
0:0:0:0:0:0:0:1 - - [22/Jul/2023:11:18:14 +0800] "GET /nacos/console-ui/public/js/jquery.js HTTP/1.1" 200 89476 12 Mozilla/5.0 (Windows NT 10.0; Win64; x64) AppleWebKit/537.36 (KHTML, like Gecko) Chrome/115.0.0.0 Safari/537.36 -
127.0.0.1 - - [22/Jul/2023:11:18:14 +0800] "GET /nacos/console-ui/public/js/javascript.js HTTP/1.1" 200 32209 7 Mozilla/5.0 (Windows NT 10.0; Win64; x64) AppleWebKit/537.36 (KHTML, like Gecko) Chrome/115.0.0.0 Safari/537.36 -
127.0.0.1 - - [22/Jul/2023:11:18:14 +0800] "GET /nacos/console-ui/public/js/codemirror.js HTTP/1.1" 200 366246 16 Mozilla/5.0 (Windows NT 10.0; Win64; x64) AppleWebKit/537.36 (KHTML, like Gecko) Chrome/115.0.0.0 Safari/537.36 -
127.0.0.1 - - [22/Jul/2023:11:18:14 +0800] "GET /nacos/console-ui/public/js/xml.js HTTP/1.1" 200 13059 7 Mozilla/5.0 (Windows NT 10.0; Win64; x64) AppleWebKit/537.36 (KHTML, like Gecko) Chrome/115.0.0.0 Safari/537.36 -
127.0.0.1 - - [22/Jul/2023:11:18:14 +0800] "GET /nacos/console-ui/public/js/codemirror.addone.fullscreen.js HTTP/1.1" 200 1983 6 Mozilla/5.0 (Windows NT 10.0; Win64; x64) AppleWebKit/537.36 (KHTML, like Gecko) Chrome/115.0.0.0 Safari/537.36 -
127.0.0.1 - - [22/Jul/2023:11:18:14 +0800] "GET /nacos/console-ui/public/js/codemirror.addone.lint.js HTTP/1.1" 200 8521 9 Mozilla/5.0 (Windows NT 10.0; Win64; x64) AppleWebKit/537.36 (KHTML, like Gecko) Chrome/115.0.0.0 Safari/537.36 -
0:0:0:0:0:0:0:1 - - [22/Jul/2023:11:18:14 +0800] "GET /nacos/console-ui/public/js/codemirror.addone.json-lint.js HTTP/1.1" 200 1443 8 Mozilla/5.0 (Windows NT 10.0; Win64; x64) AppleWebKit/537.36 (KHTML, like Gecko) Chrome/115.0.0.0 Safari/537.36 -
127.0.0.1 - - [22/Jul/2023:11:18:14 +0800] "GET /nacos/console-ui/public/js/codemirror.lib.json-lint.js HTTP/1.1" 200 16798 8 Mozilla/5.0 (Windows NT 10.0; Win64; x64) AppleWebKit/537.36 (KHTML, like Gecko) Chrome/115.0.0.0 Safari/537.36 -
127.0.0.1 - - [22/Jul/2023:11:18:14 +0800] "GET /nacos/console-ui/public/js/codemirror.lib.clike-lint.js HTTP/1.1" 200 31531 9 Mozilla/5.0 (Windows NT 10.0; Win64; x64) AppleWebKit/537.36 (KHTML, like Gecko) Chrome/115.0.0.0 Safari/537.36 -
127.0.0.1 - - [22/Jul/2023:11:18:14 +0800] "GET /nacos/console-ui/public/js/diff_match_patch.js HTTP/1.1" 200 19192 7 Mozilla/5.0 (Windows NT 10.0; Win64; x64) AppleWebKit/537.36 (KHTML, like Gecko) Chrome/115.0.0.0 Safari/537.36 -
0:0:0:0:0:0:0:1 - - [22/Jul/2023:11:18:14 +0800] "GET /nacos/console-ui/public/js/merge.js HTTP/1.1" 200 37883 8 Mozilla/5.0 (Windows NT 10.0; Win64; x64) AppleWebKit/537.36 (KHTML, like Gecko) Chrome/115.0.0.0 Safari/537.36 -
127.0.0.1 - - [22/Jul/2023:11:18:14 +0800] "GET /nacos/console-ui/public/js/loader.js HTTP/1.1" 200 28899 8 Mozilla/5.0 (Windows NT 10.0; Win64; x64) AppleWebKit/537.36 (KHTML, like Gecko) Chrome/115.0.0.0 Safari/537.36 -
0:0:0:0:0:0:0:1 - - [22/Jul/2023:11:18:14 +0800] "GET /nacos/js/main.js HTTP/1.1" 200 1459211 24 Mozilla/5.0 (Windows NT 10.0; Win64; x64) AppleWebKit/537.36 (KHTML, like Gecko) Chrome/115.0.0.0 Safari/537.36 -
127.0.0.1 - - [22/Jul/2023:11:18:15 +0800] "PUT /nacos/v1/ns/instance/beat?app=unknown&serviceName=DEFAULT_GROUP%40%40userservice&namespaceId=public&port=8601&clusterName=DEFAULT&ip=192.168.75.1 HTTP/1.1" 200 75 151 Nacos-Java-Client:v1.4.2 -
127.0.0.1 - - [22/Jul/2023:11:18:15 +0800] "PUT /nacos/v1/ns/instance/beat?app=unknown&serviceName=DEFAULT_GROUP%40%40userservice&namespaceId=public&port=8602&clusterName=DEFAULT&ip=192.168.75.1 HTTP/1.1" 200 75 151 Nacos-Java-Client:v1.4.2 -
127.0.0.1 - - [22/Jul/2023:11:18:15 +0800] "PUT /nacos/v1/ns/instance/beat?app=unknown&serviceName=DEFAULT_GROUP%40%40borrowservice&namespaceId=public&port=8801&clusterName=DEFAULT&ip=192.168.75.1 HTTP/1.1" 200 75 199 Nacos-Java-Client:v1.4.2 -
192.168.75.1 - - [22/Jul/2023:11:18:15 +0800] "PUT /nacos/v1/ns/instance/beat?app=unknown&serviceName=DEFAULT_GROUP%40%40bookservice&namespaceId=public&port=8701&clusterName=DEFAULT&ip=192.168.75.1 HTTP/1.1" 200 75 152 Nacos-Java-Client:v1.4.2 -
192.168.75.1 - - [22/Jul/2023:11:18:15 +0800] "PUT /nacos/v1/ns/instance/beat?app=unknown&serviceName=DEFAULT_GROUP%40%40bookservice&namespaceId=public&port=8702&clusterName=DEFAULT&ip=192.168.75.1 HTTP/1.1" 200 75 153 Nacos-Java-Client:v1.4.2 -
0:0:0:0:0:0:0:1 - - [22/Jul/2023:11:18:15 +0800] "GET /nacos/v1/console/namespaces?&accessToken=eyJhbGciOiJIUzI1NiJ9.eyJzdWIiOiJuYWNvcyIsImV4cCI6MTY4OTk0Mjc0NX0.uHfOCQkbmTlEF1JlBO7D2SF6rMhKCFaz73rGRmYDk3c&username=nacos&namespaceId= HTTP/1.1" 200 130 33 Mozilla/5.0 (Windows NT 10.0; Win64; x64) AppleWebKit/537.36 (KHTML, like Gecko) Chrome/115.0.0.0 Safari/537.36 -
127.0.0.1 - - [22/Jul/2023:11:18:15 +0800] "GET /nacos/v1/console/server/state?accessToken=eyJhbGciOiJIUzI1NiJ9.eyJzdWIiOiJuYWNvcyIsImV4cCI6MTY4OTk0Mjc0NX0.uHfOCQkbmTlEF1JlBO7D2SF6rMhKCFaz73rGRmYDk3c&username=nacos HTTP/1.1" 200 82 7 Mozilla/5.0 (Windows NT 10.0; Win64; x64) AppleWebKit/537.36 (KHTML, like Gecko) Chrome/115.0.0.0 Safari/537.36 -
0:0:0:0:0:0:0:1 - - [22/Jul/2023:11:18:15 +0800] "GET /nacos/img/logo-2000-390.svg HTTP/1.1" 200 2106 8 Mozilla/5.0 (Windows NT 10.0; Win64; x64) AppleWebKit/537.36 (KHTML, like Gecko) Chrome/115.0.0.0 Safari/537.36 -
127.0.0.1 - - [22/Jul/2023:11:18:15 +0800] "GET /nacos/console-ui/public/icons/icon-font.woff2 HTTP/1.1" 200 4368 18 Mozilla/5.0 (Windows NT 10.0; Win64; x64) AppleWebKit/537.36 (KHTML, like Gecko) Chrome/115.0.0.0 Safari/537.36 -
127.0.0.1 - - [22/Jul/2023:11:18:15 +0800] "GET /nacos/v1/cs/configs?dataId=&group=&appName=&config_tags=&pageNo=1&pageSize=10&tenant=&search=accurate&accessToken=eyJhbGciOiJIUzI1NiJ9.eyJzdWIiOiJuYWNvcyIsImV4cCI6MTY4OTk0Mjc0NX0.uHfOCQkbmTlEF1JlBO7D2SF6rMhKCFaz73rGRmYDk3c&username=nacos HTTP/1.1" 200 76 32 Mozilla/5.0 (Windows NT 10.0; Win64; x64) AppleWebKit/537.36 (KHTML, like Gecko) Chrome/115.0.0.0 Safari/537.36 -
127.0.0.1 - - [22/Jul/2023:11:18:15 +0800] "GET /nacos/v1/ns/instance/list?app=unknown&healthyOnly=false&namespaceId=public&clientIP=198.18.0.1&serviceName=DEFAULT_GROUP%40%40borrowservice&udpPort=54137&clusters=DEFAULT HTTP/1.1" 200 577 8 Nacos-Java-Client:v1.4.2 -
192.168.75.1 - - [22/Jul/2023:11:18:15 +0800] "GET /nacos/v1/ns/instance/list?app=unknown&healthyOnly=false&namespaceId=public&clientIP=198.18.0.1&serviceName=DEFAULT_GROUP%40%40bookservice&udpPort=60408&clusters=DEFAULT HTTP/1.1" 200 882 3 Nacos-Java-Client:v1.4.2 -
192.168.75.1 - - [22/Jul/2023:11:18:15 +0800] "GET /nacos/v1/ns/instance/list?app=unknown&healthyOnly=false&namespaceId=public&clientIP=198.18.0.1&serviceName=DEFAULT_GROUP%40%40bookservice&udpPort=51884&clusters=DEFAULT HTTP/1.1" 200 882 3 Nacos-Java-Client:v1.4.2 -
127.0.0.1 - - [22/Jul/2023:11:18:15 +0800] "GET /nacos/v1/ns/instance/list?app=unknown&healthyOnly=false&namespaceId=public&clientIP=198.18.0.1&serviceName=DEFAULT_GROUP%40%40userservice&udpPort=52561&clusters=DEFAULT HTTP/1.1" 200 882 3 Nacos-Java-Client:v1.4.2 -
127.0.0.1 - - [22/Jul/2023:11:18:15 +0800] "GET /nacos/v1/ns/instance/list?app=unknown&healthyOnly=false&namespaceId=public&clientIP=198.18.0.1&serviceName=DEFAULT_GROUP%40%40userservice&udpPort=52562&clusters=DEFAULT HTTP/1.1" 200 882 3 Nacos-Java-Client:v1.4.2 -
127.0.0.1 - - [22/Jul/2023:11:18:33 +0800] "GET /nacos/v1/cs/configs?dataId=borrowservice&group=DEFAULT_GROUP HTTP/1.1" 404 23 11 Java/1.8.0_172 -
127.0.0.1 - - [22/Jul/2023:11:18:33 +0800] "GET /nacos/v1/cs/configs?dataId=borrowservice.yaml&group=DEFAULT_GROUP HTTP/1.1" 404 23 3 Java/1.8.0_172 -
127.0.0.1 - - [22/Jul/2023:11:18:33 +0800] "GET /nacos/v1/cs/configs?dataId=borrowservice-dev.yaml&group=DEFAULT_GROUP HTTP/1.1" 404 23 2 Java/1.8.0_172 -
192.168.75.1 - - [22/Jul/2023:11:18:33 +0800] "GET /nacos/v1/ns/instance/list?app=unknown&healthyOnly=false&namespaceId=public&clientIP=198.18.0.1&serviceName=DEFAULT_GROUP%40%40bookservice&udpPort=60189&clusters=DEFAULT HTTP/1.1" 200 882 3 Nacos-Java-Client:v1.4.2 -
192.168.75.1 - - [22/Jul/2023:11:18:34 +0800] "POST /nacos/v1/ns/instance?app=unknown&groupName=DEFAULT_GROUP&metadata=%7B%22preserved.register.source%22%3A%22SPRING_CLOUD%22%7D&namespaceId=public&port=8701&enable=true&healthy=true&clusterName=DEFAULT&ip=192.168.75.1&weight=1.0&ephemeral=true&serviceName=DEFAULT_GROUP%40%40bookservice HTTP/1.1" 200 2 4 Nacos-Java-Client:v1.4.2 -
192.168.75.1 - - [22/Jul/2023:11:18:35 +0800] "GET /nacos/v1/ns/instance/list?app=unknown&healthyOnly=false&namespaceId=public&clientIP=198.18.0.1&serviceName=DEFAULT_GROUP%40%40bookservice&udpPort=60189&clusters=DEFAULT HTTP/1.1" 200 882 3 Nacos-Java-Client:v1.4.2 -
192.168.75.1 - - [22/Jul/2023:11:18:35 +0800] "GET /nacos/v1/ns/instance/list?app=unknown&healthyOnly=false&namespaceId=public&clientIP=198.18.0.1&serviceName=DEFAULT_GROUP%40%40bookservice&udpPort=60486&clusters=DEFAULT HTTP/1.1" 200 882 2 Nacos-Java-Client:v1.4.2 -
192.168.75.1 - - [22/Jul/2023:11:18:35 +0800] "POST /nacos/v1/ns/instance?app=unknown&groupName=DEFAULT_GROUP&metadata=%7B%22preserved.register.source%22%3A%22SPRING_CLOUD%22%7D&namespaceId=public&port=8702&enable=true&healthy=true&clusterName=DEFAULT&ip=192.168.75.1&weight=1.0&ephemeral=true&serviceName=DEFAULT_GROUP%40%40bookservice HTTP/1.1" 200 2 3 Nacos-Java-Client:v1.4.2 -
192.168.75.1 - - [22/Jul/2023:11:18:36 +0800] "GET /nacos/v1/ns/instance/list?app=unknown&healthyOnly=false&namespaceId=public&clientIP=198.18.0.1&serviceName=DEFAULT_GROUP%40%40bookservice&udpPort=60486&clusters=DEFAULT HTTP/1.1" 200 882 5 Nacos-Java-Client:v1.4.2 -
127.0.0.1 - - [22/Jul/2023:11:18:38 +0800] "GET /nacos/v1/ns/instance/list?app=unknown&healthyOnly=false&namespaceId=public&clientIP=198.18.0.1&serviceName=DEFAULT_GROUP%40%40userservice&udpPort=60971&clusters=DEFAULT HTTP/1.1" 200 882 2 Nacos-Java-Client:v1.4.2 -
127.0.0.1 - - [22/Jul/2023:11:18:38 +0800] "POST /nacos/v1/ns/instance?app=unknown&groupName=DEFAULT_GROUP&metadata=%7B%22preserved.register.source%22%3A%22SPRING_CLOUD%22%7D&namespaceId=public&port=8601&enable=true&healthy=true&clusterName=DEFAULT&ip=192.168.75.1&weight=1.0&ephemeral=true&serviceName=DEFAULT_GROUP%40%40userservice HTTP/1.1" 200 2 3 Nacos-Java-Client:v1.4.2 -
192.168.75.1 - - [22/Jul/2023:11:18:39 +0800] "PUT /nacos/v1/ns/instance/beat?app=unknown&serviceName=DEFAULT_GROUP%40%40bookservice&namespaceId=public&port=8701&clusterName=DEFAULT&ip=192.168.75.1 HTTP/1.1" 200 75 2 Nacos-Java-Client:v1.4.2 -
127.0.0.1 - - [22/Jul/2023:11:18:39 +0800] "GET /nacos/v1/ns/instance/list?app=unknown&healthyOnly=false&namespaceId=public&clientIP=198.18.0.1&serviceName=DEFAULT_GROUP%40%40userservice&udpPort=60971&clusters=DEFAULT HTTP/1.1" 200 882 2 Nacos-Java-Client:v1.4.2 -
127.0.0.1 - - [22/Jul/2023:11:18:39 +0800] "GET /nacos/v1/ns/instance/list?app=unknown&healthyOnly=false&namespaceId=public&clientIP=198.18.0.1&serviceName=DEFAULT_GROUP%40%40userservice&udpPort=56324&clusters=DEFAULT HTTP/1.1" 200 882 2 Nacos-Java-Client:v1.4.2 -
127.0.0.1 - - [22/Jul/2023:11:18:39 +0800] "POST /nacos/v1/ns/instance?app=unknown&groupName=DEFAULT_GROUP&metadata=%7B%22preserved.register.source%22%3A%22SPRING_CLOUD%22%7D&namespaceId=public&port=8602&enable=true&healthy=true&clusterName=DEFAULT&ip=192.168.75.1&weight=1.0&ephemeral=true&serviceName=DEFAULT_GROUP%40%40userservice HTTP/1.1" 200 2 2 Nacos-Java-Client:v1.4.2 -
127.0.0.1 - - [22/Jul/2023:11:18:40 +0800] "GET /nacos/v1/ns/instance/list?app=unknown&healthyOnly=false&namespaceId=public&clientIP=198.18.0.1&serviceName=DEFAULT_GROUP%40%40userservice&udpPort=56324&clusters=DEFAULT HTTP/1.1" 200 882 3 Nacos-Java-Client:v1.4.2 -
127.0.0.1 - - [22/Jul/2023:11:18:43 +0800] "PUT /nacos/v1/ns/instance/beat?app=unknown&serviceName=DEFAULT_GROUP%40%40userservice&namespaceId=public&port=8601&clusterName=DEFAULT&ip=192.168.75.1 HTTP/1.1" 200 75 3 Nacos-Java-Client:v1.4.2 -
192.168.75.1 - - [22/Jul/2023:11:18:44 +0800] "PUT /nacos/v1/ns/instance/beat?app=unknown&serviceName=DEFAULT_GROUP%40%40bookservice&namespaceId=public&port=8701&clusterName=DEFAULT&ip=192.168.75.1 HTTP/1.1" 200 75 3 Nacos-Java-Client:v1.4.2 -
127.0.0.1 - - [22/Jul/2023:11:18:45 +0800] "DELETE /nacos/v1/ns/instance?ephemeral=true&serviceName=DEFAULT_GROUP@@borrowservice&port=8801&namespaceId=public&ip=192.168.75.1&clusterName=DEFAULT&?encoding=UTF-8&nofix=1 HTTP/1.1" 200 2 2 Nacos-Server:1.4.3 -
192.168.75.1 - - [22/Jul/2023:11:18:45 +0800] "GET /nacos/v1/ns/instance/list?app=unknown&healthyOnly=false&namespaceId=public&clientIP=198.18.0.1&serviceName=DEFAULT_GROUP%40%40bookservice&udpPort=60189&clusters=DEFAULT HTTP/1.1" 200 884 2 Nacos-Java-Client:v1.4.2 -
192.168.75.1 - - [22/Jul/2023:11:18:45 +0800] "PUT /nacos/v1/ns/instance/beat?app=unknown&serviceName=DEFAULT_GROUP%40%40bookservice&namespaceId=public&port=8702&clusterName=DEFAULT&ip=192.168.75.1 HTTP/1.1" 200 75 2 Nacos-Java-Client:v1.4.2 -
192.168.75.1 - - [22/Jul/2023:11:18:46 +0800] "GET /nacos/v1/ns/instance/list?app=unknown&healthyOnly=false&namespaceId=public&clientIP=198.18.0.1&serviceName=DEFAULT_GROUP%40%40bookservice&udpPort=60486&clusters=DEFAULT HTTP/1.1" 200 882 2 Nacos-Java-Client:v1.4.2 -
127.0.0.1 - - [22/Jul/2023:11:18:48 +0800] "PUT /nacos/v1/ns/instance/beat?app=unknown&serviceName=DEFAULT_GROUP%40%40userservice&namespaceId=public&port=8601&clusterName=DEFAULT&ip=192.168.75.1 HTTP/1.1" 200 75 2 Nacos-Java-Client:v1.4.2 -
192.168.75.1 - - [22/Jul/2023:11:18:49 +0800] "PUT /nacos/v1/ns/instance/beat?app=unknown&serviceName=DEFAULT_GROUP%40%40bookservice&namespaceId=public&port=8701&clusterName=DEFAULT&ip=192.168.75.1 HTTP/1.1" 200 75 2 Nacos-Java-Client:v1.4.2 -
127.0.0.1 - - [22/Jul/2023:11:18:49 +0800] "GET /nacos/v1/ns/instance/list?app=unknown&healthyOnly=false&namespaceId=public&clientIP=198.18.0.1&serviceName=DEFAULT_GROUP%40%40userservice&udpPort=60971&clusters=DEFAULT HTTP/1.1" 200 884 2 Nacos-Java-Client:v1.4.2 -
127.0.0.1 - - [22/Jul/2023:11:18:49 +0800] "PUT /nacos/v1/ns/instance/beat?app=unknown&serviceName=DEFAULT_GROUP%40%40userservice&namespaceId=public&port=8602&clusterName=DEFAULT&ip=192.168.75.1 HTTP/1.1" 200 75 2 Nacos-Java-Client:v1.4.2 -
127.0.0.1 - - [22/Jul/2023:11:18:50 +0800] "GET /nacos/v1/ns/instance/list?app=unknown&healthyOnly=false&namespaceId=public&clientIP=198.18.0.1&serviceName=DEFAULT_GROUP%40%40userservice&udpPort=56324&clusters=DEFAULT HTTP/1.1" 200 882 2 Nacos-Java-Client:v1.4.2 -
192.168.75.1 - - [22/Jul/2023:11:18:51 +0800] "PUT /nacos/v1/ns/instance/beat?app=unknown&serviceName=DEFAULT_GROUP%40%40bookservice&namespaceId=public&port=8702&clusterName=DEFAULT&ip=192.168.75.1 HTTP/1.1" 200 75 2 Nacos-Java-Client:v1.4.2 -
127.0.0.1 - - [22/Jul/2023:11:18:53 +0800] "PUT /nacos/v1/ns/instance/beat?app=unknown&serviceName=DEFAULT_GROUP%40%40userservice&namespaceId=public&port=8601&clusterName=DEFAULT&ip=192.168.75.1 HTTP/1.1" 200 75 2 Nacos-Java-Client:v1.4.2 -
192.168.75.1 - - [22/Jul/2023:11:18:54 +0800] "PUT /nacos/v1/ns/instance/beat?app=unknown&serviceName=DEFAULT_GROUP%40%40bookservice&namespaceId=public&port=8701&clusterName=DEFAULT&ip=192.168.75.1 HTTP/1.1" 200 75 2 Nacos-Java-Client:v1.4.2 -
192.168.75.1 - - [22/Jul/2023:11:18:55 +0800] "GET /nacos/v1/ns/instance/list?app=unknown&healthyOnly=false&namespaceId=public&clientIP=198.18.0.1&serviceName=DEFAULT_GROUP%40%40bookservice&udpPort=60189&clusters=DEFAULT HTTP/1.1" 200 882 2 Nacos-Java-Client:v1.4.2 -
127.0.0.1 - - [22/Jul/2023:11:18:55 +0800] "PUT /nacos/v1/ns/instance/beat?app=unknown&serviceName=DEFAULT_GROUP%40%40userservice&namespaceId=public&port=8602&clusterName=DEFAULT&ip=192.168.75.1 HTTP/1.1" 200 75 2 Nacos-Java-Client:v1.4.2 -
192.168.75.1 - - [22/Jul/2023:11:18:56 +0800] "PUT /nacos/v1/ns/instance/beat?app=unknown&serviceName=DEFAULT_GROUP%40%40bookservice&namespaceId=public&port=8702&clusterName=DEFAULT&ip=192.168.75.1 HTTP/1.1" 200 75 2 Nacos-Java-Client:v1.4.2 -
192.168.75.1 - - [22/Jul/2023:11:18:56 +0800] "GET /nacos/v1/ns/instance/list?app=unknown&healthyOnly=false&namespaceId=public&clientIP=198.18.0.1&serviceName=DEFAULT_GROUP%40%40bookservice&udpPort=60486&clusters=DEFAULT HTTP/1.1" 200 882 2 Nacos-Java-Client:v1.4.2 -
127.0.0.1 - - [22/Jul/2023:11:18:58 +0800] "PUT /nacos/v1/ns/instance/beat?app=unknown&serviceName=DEFAULT_GROUP%40%40userservice&namespaceId=public&port=8601&clusterName=DEFAULT&ip=192.168.75.1 HTTP/1.1" 200 75 2 Nacos-Java-Client:v1.4.2 -
192.168.75.1 - - [22/Jul/2023:11:18:59 +0800] "PUT /nacos/v1/ns/instance/beat?app=unknown&serviceName=DEFAULT_GROUP%40%40bookservice&namespaceId=public&port=8701&clusterName=DEFAULT&ip=192.168.75.1 HTTP/1.1" 200 75 2 Nacos-Java-Client:v1.4.2 -
127.0.0.1 - - [22/Jul/2023:11:18:59 +0800] "GET /nacos/v1/ns/instance/list?app=unknown&healthyOnly=false&namespaceId=public&clientIP=198.18.0.1&serviceName=DEFAULT_GROUP%40%40userservice&udpPort=60971&clusters=DEFAULT HTTP/1.1" 200 882 3 Nacos-Java-Client:v1.4.2 -
127.0.0.1 - - [22/Jul/2023:11:19:00 +0800] "PUT /nacos/v1/ns/instance/beat?app=unknown&serviceName=DEFAULT_GROUP%40%40userservice&namespaceId=public&port=8602&clusterName=DEFAULT&ip=192.168.75.1 HTTP/1.1" 200 75 1 Nacos-Java-Client:v1.4.2 -
127.0.0.1 - - [22/Jul/2023:11:19:00 +0800] "GET /nacos/v1/ns/instance/list?app=unknown&healthyOnly=false&namespaceId=public&clientIP=198.18.0.1&serviceName=DEFAULT_GROUP%40%40userservice&udpPort=56324&clusters=DEFAULT HTTP/1.1" 200 882 3 Nacos-Java-Client:v1.4.2 -
192.168.75.1 - - [22/Jul/2023:11:19:01 +0800] "PUT /nacos/v1/ns/instance/beat?app=unknown&serviceName=DEFAULT_GROUP%40%40bookservice&namespaceId=public&port=8702&clusterName=DEFAULT&ip=192.168.75.1 HTTP/1.1" 200 75 2 Nacos-Java-Client:v1.4.2 -
127.0.0.1 - - [22/Jul/2023:11:19:03 +0800] "PUT /nacos/v1/ns/instance/beat?app=unknown&serviceName=DEFAULT_GROUP%40%40userservice&namespaceId=public&port=8601&clusterName=DEFAULT&ip=192.168.75.1 HTTP/1.1" 200 75 3 Nacos-Java-Client:v1.4.2 -
192.168.75.1 - - [22/Jul/2023:11:19:04 +0800] "PUT /nacos/v1/ns/instance/beat?app=unknown&serviceName=DEFAULT_GROUP%40%40bookservice&namespaceId=public&port=8701&clusterName=DEFAULT&ip=192.168.75.1 HTTP/1.1" 200 75 3 Nacos-Java-Client:v1.4.2 -
192.168.75.1 - - [22/Jul/2023:11:19:05 +0800] "GET /nacos/v1/ns/instance/list?app=unknown&healthyOnly=false&namespaceId=public&clientIP=198.18.0.1&serviceName=DEFAULT_GROUP%40%40bookservice&udpPort=60189&clusters=DEFAULT HTTP/1.1" 200 882 2 Nacos-Java-Client:v1.4.2 -
127.0.0.1 - - [22/Jul/2023:11:19:05 +0800] "PUT /nacos/v1/ns/instance/beat?app=unknown&serviceName=DEFAULT_GROUP%40%40userservice&namespaceId=public&port=8602&clusterName=DEFAULT&ip=192.168.75.1 HTTP/1.1" 200 75 2 Nacos-Java-Client:v1.4.2 -
192.168.75.1 - - [22/Jul/2023:11:19:06 +0800] "PUT /nacos/v1/ns/instance/beat?app=unknown&serviceName=DEFAULT_GROUP%40%40bookservice&namespaceId=public&port=8702&clusterName=DEFAULT&ip=192.168.75.1 HTTP/1.1" 200 75 2 Nacos-Java-Client:v1.4.2 -
192.168.75.1 - - [22/Jul/2023:11:19:06 +0800] "GET /nacos/v1/ns/instance/list?app=unknown&healthyOnly=false&namespaceId=public&clientIP=198.18.0.1&serviceName=DEFAULT_GROUP%40%40bookservice&udpPort=60486&clusters=DEFAULT HTTP/1.1" 200 882 2 Nacos-Java-Client:v1.4.2 -
127.0.0.1 - - [22/Jul/2023:11:19:08 +0800] "PUT /nacos/v1/ns/instance/beat?app=unknown&serviceName=DEFAULT_GROUP%40%40userservice&namespaceId=public&port=8601&clusterName=DEFAULT&ip=192.168.75.1 HTTP/1.1" 200 75 2 Nacos-Java-Client:v1.4.2 -
192.168.75.1 - - [22/Jul/2023:11:19:09 +0800] "PUT /nacos/v1/ns/instance/beat?app=unknown&serviceName=DEFAULT_GROUP%40%40bookservice&namespaceId=public&port=8701&clusterName=DEFAULT&ip=192.168.75.1 HTTP/1.1" 200 75 2 Nacos-Java-Client:v1.4.2 -
127.0.0.1 - - [22/Jul/2023:11:19:09 +0800] "GET /nacos/v1/ns/instance/list?app=unknown&healthyOnly=false&namespaceId=public&clientIP=198.18.0.1&serviceName=DEFAULT_GROUP%40%40userservice&udpPort=60971&clusters=DEFAULT HTTP/1.1" 200 882 2 Nacos-Java-Client:v1.4.2 -
127.0.0.1 - - [22/Jul/2023:11:19:10 +0800] "PUT /nacos/v1/ns/instance/beat?app=unknown&serviceName=DEFAULT_GROUP%40%40userservice&namespaceId=public&port=8602&clusterName=DEFAULT&ip=192.168.75.1 HTTP/1.1" 200 75 2 Nacos-Java-Client:v1.4.2 -
127.0.0.1 - - [22/Jul/2023:11:19:10 +0800] "GET /nacos/v1/ns/instance/list?app=unknown&healthyOnly=false&namespaceId=public&clientIP=198.18.0.1&serviceName=DEFAULT_GROUP%40%40userservice&udpPort=56324&clusters=DEFAULT HTTP/1.1" 200 882 2 Nacos-Java-Client:v1.4.2 -
192.168.75.1 - - [22/Jul/2023:11:19:11 +0800] "PUT /nacos/v1/ns/instance/beat?app=unknown&serviceName=DEFAULT_GROUP%40%40bookservice&namespaceId=public&port=8702&clusterName=DEFAULT&ip=192.168.75.1 HTTP/1.1" 200 75 2 Nacos-Java-Client:v1.4.2 -
127.0.0.1 - - [22/Jul/2023:11:19:13 +0800] "PUT /nacos/v1/ns/instance/beat?app=unknown&serviceName=DEFAULT_GROUP%40%40userservice&namespaceId=public&port=8601&clusterName=DEFAULT&ip=192.168.75.1 HTTP/1.1" 200 75 2 Nacos-Java-Client:v1.4.2 -
192.168.75.1 - - [22/Jul/2023:11:19:14 +0800] "PUT /nacos/v1/ns/instance/beat?app=unknown&serviceName=DEFAULT_GROUP%40%40bookservice&namespaceId=public&port=8701&clusterName=DEFAULT&ip=192.168.75.1 HTTP/1.1" 200 75 2 Nacos-Java-Client:v1.4.2 -
192.168.75.1 - - [22/Jul/2023:11:19:15 +0800] "GET /nacos/v1/ns/instance/list?app=unknown&healthyOnly=false&namespaceId=public&clientIP=198.18.0.1&serviceName=DEFAULT_GROUP%40%40bookservice&udpPort=60189&clusters=DEFAULT HTTP/1.1" 200 882 3 Nacos-Java-Client:v1.4.2 -
127.0.0.1 - - [22/Jul/2023:11:19:15 +0800] "PUT /nacos/v1/ns/instance/beat?app=unknown&serviceName=DEFAULT_GROUP%40%40userservice&namespaceId=public&port=8602&clusterName=DEFAULT&ip=192.168.75.1 HTTP/1.1" 200 75 2 Nacos-Java-Client:v1.4.2 -
192.168.75.1 - - [22/Jul/2023:11:19:16 +0800] "PUT /nacos/v1/ns/instance/beat?app=unknown&serviceName=DEFAULT_GROUP%40%40bookservice&namespaceId=public&port=8702&clusterName=DEFAULT&ip=192.168.75.1 HTTP/1.1" 200 75 2 Nacos-Java-Client:v1.4.2 -
192.168.75.1 - - [22/Jul/2023:11:19:16 +0800] "GET /nacos/v1/ns/instance/list?app=unknown&healthyOnly=false&namespaceId=public&clientIP=198.18.0.1&serviceName=DEFAULT_GROUP%40%40bookservice&udpPort=60486&clusters=DEFAULT HTTP/1.1" 200 882 2 Nacos-Java-Client:v1.4.2 -
127.0.0.1 - - [22/Jul/2023:11:19:18 +0800] "PUT /nacos/v1/ns/instance/beat?app=unknown&serviceName=DEFAULT_GROUP%40%40userservice&namespaceId=public&port=8601&clusterName=DEFAULT&ip=192.168.75.1 HTTP/1.1" 200 75 2 Nacos-Java-Client:v1.4.2 -
192.168.75.1 - - [22/Jul/2023:11:19:19 +0800] "PUT /nacos/v1/ns/instance/beat?app=unknown&serviceName=DEFAULT_GROUP%40%40bookservice&namespaceId=public&port=8701&clusterName=DEFAULT&ip=192.168.75.1 HTTP/1.1" 200 75 2 Nacos-Java-Client:v1.4.2 -
127.0.0.1 - - [22/Jul/2023:11:19:19 +0800] "GET /nacos/v1/ns/instance/list?app=unknown&healthyOnly=false&namespaceId=public&clientIP=198.18.0.1&serviceName=DEFAULT_GROUP%40%40userservice&udpPort=60971&clusters=DEFAULT HTTP/1.1" 200 882 2 Nacos-Java-Client:v1.4.2 -
127.0.0.1 - - [22/Jul/2023:11:19:20 +0800] "PUT /nacos/v1/ns/instance/beat?app=unknown&serviceName=DEFAULT_GROUP%40%40userservice&namespaceId=public&port=8602&clusterName=DEFAULT&ip=192.168.75.1 HTTP/1.1" 200 75 2 Nacos-Java-Client:v1.4.2 -
127.0.0.1 - - [22/Jul/2023:11:19:20 +0800] "GET /nacos/v1/ns/instance/list?app=unknown&healthyOnly=false&namespaceId=public&clientIP=198.18.0.1&serviceName=DEFAULT_GROUP%40%40userservice&udpPort=56324&clusters=DEFAULT HTTP/1.1" 200 882 1 Nacos-Java-Client:v1.4.2 -
192.168.75.1 - - [22/Jul/2023:11:19:21 +0800] "PUT /nacos/v1/ns/instance/beat?app=unknown&serviceName=DEFAULT_GROUP%40%40bookservice&namespaceId=public&port=8702&clusterName=DEFAULT&ip=192.168.75.1 HTTP/1.1" 200 75 1 Nacos-Java-Client:v1.4.2 -
127.0.0.1 - - [22/Jul/2023:11:19:23 +0800] "PUT /nacos/v1/ns/instance/beat?app=unknown&serviceName=DEFAULT_GROUP%40%40userservice&namespaceId=public&port=8601&clusterName=DEFAULT&ip=192.168.75.1 HTTP/1.1" 200 75 2 Nacos-Java-Client:v1.4.2 -
192.168.75.1 - - [22/Jul/2023:11:19:24 +0800] "PUT /nacos/v1/ns/instance/beat?app=unknown&serviceName=DEFAULT_GROUP%40%40bookservice&namespaceId=public&port=8701&clusterName=DEFAULT&ip=192.168.75.1 HTTP/1.1" 200 75 2 Nacos-Java-Client:v1.4.2 -
192.168.75.1 - - [22/Jul/2023:11:19:25 +0800] "GET /nacos/v1/ns/instance/list?app=unknown&healthyOnly=false&namespaceId=public&clientIP=198.18.0.1&serviceName=DEFAULT_GROUP%40%40bookservice&udpPort=60189&clusters=DEFAULT HTTP/1.1" 200 882 2 Nacos-Java-Client:v1.4.2 -
127.0.0.1 - - [22/Jul/2023:11:19:25 +0800] "PUT /nacos/v1/ns/instance/beat?app=unknown&serviceName=DEFAULT_GROUP%40%40userservice&namespaceId=public&port=8602&clusterName=DEFAULT&ip=192.168.75.1 HTTP/1.1" 200 75 1 Nacos-Java-Client:v1.4.2 -
192.168.75.1 - - [22/Jul/2023:11:19:26 +0800] "PUT /nacos/v1/ns/instance/beat?app=unknown&serviceName=DEFAULT_GROUP%40%40bookservice&namespaceId=public&port=8702&clusterName=DEFAULT&ip=192.168.75.1 HTTP/1.1" 200 75 1 Nacos-Java-Client:v1.4.2 -
192.168.75.1 - - [22/Jul/2023:11:19:26 +0800] "GET /nacos/v1/ns/instance/list?app=unknown&healthyOnly=false&namespaceId=public&clientIP=198.18.0.1&serviceName=DEFAULT_GROUP%40%40bookservice&udpPort=60486&clusters=DEFAULT HTTP/1.1" 200 882 2 Nacos-Java-Client:v1.4.2 -
127.0.0.1 - - [22/Jul/2023:11:19:28 +0800] "PUT /nacos/v1/ns/instance/beat?app=unknown&serviceName=DEFAULT_GROUP%40%40userservice&namespaceId=public&port=8601&clusterName=DEFAULT&ip=192.168.75.1 HTTP/1.1" 200 75 2 Nacos-Java-Client:v1.4.2 -
192.168.75.1 - - [22/Jul/2023:11:19:29 +0800] "PUT /nacos/v1/ns/instance/beat?app=unknown&serviceName=DEFAULT_GROUP%40%40bookservice&namespaceId=public&port=8701&clusterName=DEFAULT&ip=192.168.75.1 HTTP/1.1" 200 75 2 Nacos-Java-Client:v1.4.2 -
127.0.0.1 - - [22/Jul/2023:11:19:29 +0800] "GET /nacos/v1/ns/instance/list?app=unknown&healthyOnly=false&namespaceId=public&clientIP=198.18.0.1&serviceName=DEFAULT_GROUP%40%40userservice&udpPort=60971&clusters=DEFAULT HTTP/1.1" 200 882 2 Nacos-Java-Client:v1.4.2 -
127.0.0.1 - - [22/Jul/2023:11:19:30 +0800] "PUT /nacos/v1/ns/instance/beat?app=unknown&serviceName=DEFAULT_GROUP%40%40userservice&namespaceId=public&port=8602&clusterName=DEFAULT&ip=192.168.75.1 HTTP/1.1" 200 75 1 Nacos-Java-Client:v1.4.2 -
127.0.0.1 - - [22/Jul/2023:11:19:30 +0800] "GET /nacos/v1/ns/instance/list?app=unknown&healthyOnly=false&namespaceId=public&clientIP=198.18.0.1&serviceName=DEFAULT_GROUP%40%40userservice&udpPort=56324&clusters=DEFAULT HTTP/1.1" 200 882 2 Nacos-Java-Client:v1.4.2 -
192.168.75.1 - - [22/Jul/2023:11:19:31 +0800] "PUT /nacos/v1/ns/instance/beat?app=unknown&serviceName=DEFAULT_GROUP%40%40bookservice&namespaceId=public&port=8702&clusterName=DEFAULT&ip=192.168.75.1 HTTP/1.1" 200 75 2 Nacos-Java-Client:v1.4.2 -
127.0.0.1 - - [22/Jul/2023:11:19:33 +0800] "PUT /nacos/v1/ns/instance/beat?app=unknown&serviceName=DEFAULT_GROUP%40%40userservice&namespaceId=public&port=8601&clusterName=DEFAULT&ip=192.168.75.1 HTTP/1.1" 200 75 2 Nacos-Java-Client:v1.4.2 -
192.168.75.1 - - [22/Jul/2023:11:19:34 +0800] "PUT /nacos/v1/ns/instance/beat?app=unknown&serviceName=DEFAULT_GROUP%40%40bookservice&namespaceId=public&port=8701&clusterName=DEFAULT&ip=192.168.75.1 HTTP/1.1" 200 75 2 Nacos-Java-Client:v1.4.2 -
192.168.75.1 - - [22/Jul/2023:11:19:35 +0800] "GET /nacos/v1/ns/instance/list?app=unknown&healthyOnly=false&namespaceId=public&clientIP=198.18.0.1&serviceName=DEFAULT_GROUP%40%40bookservice&udpPort=60189&clusters=DEFAULT HTTP/1.1" 200 882 2 Nacos-Java-Client:v1.4.2 -
127.0.0.1 - - [22/Jul/2023:11:19:35 +0800] "PUT /nacos/v1/ns/instance/beat?app=unknown&serviceName=DEFAULT_GROUP%40%40userservice&namespaceId=public&port=8602&clusterName=DEFAULT&ip=192.168.75.1 HTTP/1.1" 200 75 1 Nacos-Java-Client:v1.4.2 -
192.168.75.1 - - [22/Jul/2023:11:19:36 +0800] "PUT /nacos/v1/ns/instance/beat?app=unknown&serviceName=DEFAULT_GROUP%40%40bookservice&namespaceId=public&port=8702&clusterName=DEFAULT&ip=192.168.75.1 HTTP/1.1" 200 75 2 Nacos-Java-Client:v1.4.2 -
192.168.75.1 - - [22/Jul/2023:11:19:36 +0800] "GET /nacos/v1/ns/instance/list?app=unknown&healthyOnly=false&namespaceId=public&clientIP=198.18.0.1&serviceName=DEFAULT_GROUP%40%40bookservice&udpPort=60486&clusters=DEFAULT HTTP/1.1" 200 882 3 Nacos-Java-Client:v1.4.2 -
127.0.0.1 - - [22/Jul/2023:11:19:38 +0800] "PUT /nacos/v1/ns/instance/beat?app=unknown&serviceName=DEFAULT_GROUP%40%40userservice&namespaceId=public&port=8601&clusterName=DEFAULT&ip=192.168.75.1 HTTP/1.1" 200 75 2 Nacos-Java-Client:v1.4.2 -
192.168.75.1 - - [22/Jul/2023:11:19:39 +0800] "PUT /nacos/v1/ns/instance/beat?app=unknown&serviceName=DEFAULT_GROUP%40%40bookservice&namespaceId=public&port=8701&clusterName=DEFAULT&ip=192.168.75.1 HTTP/1.1" 200 75 3 Nacos-Java-Client:v1.4.2 -
127.0.0.1 - - [22/Jul/2023:11:19:39 +0800] "GET /nacos/v1/ns/instance/list?app=unknown&healthyOnly=false&namespaceId=public&clientIP=198.18.0.1&serviceName=DEFAULT_GROUP%40%40userservice&udpPort=60971&clusters=DEFAULT HTTP/1.1" 200 882 2 Nacos-Java-Client:v1.4.2 -
127.0.0.1 - - [22/Jul/2023:11:19:40 +0800] "PUT /nacos/v1/ns/instance/beat?app=unknown&serviceName=DEFAULT_GROUP%40%40userservice&namespaceId=public&port=8602&clusterName=DEFAULT&ip=192.168.75.1 HTTP/1.1" 200 75 2 Nacos-Java-Client:v1.4.2 -
127.0.0.1 - - [22/Jul/2023:11:19:40 +0800] "GET /nacos/v1/ns/instance/list?app=unknown&healthyOnly=false&namespaceId=public&clientIP=198.18.0.1&serviceName=DEFAULT_GROUP%40%40userservice&udpPort=56324&clusters=DEFAULT HTTP/1.1" 200 882 2 Nacos-Java-Client:v1.4.2 -
192.168.75.1 - - [22/Jul/2023:11:19:41 +0800] "PUT /nacos/v1/ns/instance/beat?app=unknown&serviceName=DEFAULT_GROUP%40%40bookservice&namespaceId=public&port=8702&clusterName=DEFAULT&ip=192.168.75.1 HTTP/1.1" 200 75 2 Nacos-Java-Client:v1.4.2 -
127.0.0.1 - - [22/Jul/2023:11:19:43 +0800] "PUT /nacos/v1/ns/instance/beat?app=unknown&serviceName=DEFAULT_GROUP%40%40userservice&namespaceId=public&port=8601&clusterName=DEFAULT&ip=192.168.75.1 HTTP/1.1" 200 75 1 Nacos-Java-Client:v1.4.2 -
192.168.75.1 - - [22/Jul/2023:11:19:44 +0800] "PUT /nacos/v1/ns/instance/beat?app=unknown&serviceName=DEFAULT_GROUP%40%40bookservice&namespaceId=public&port=8701&clusterName=DEFAULT&ip=192.168.75.1 HTTP/1.1" 200 75 2 Nacos-Java-Client:v1.4.2 -
192.168.75.1 - - [22/Jul/2023:11:19:45 +0800] "GET /nacos/v1/ns/instance/list?app=unknown&healthyOnly=false&namespaceId=public&clientIP=198.18.0.1&serviceName=DEFAULT_GROUP%40%40bookservice&udpPort=60189&clusters=DEFAULT HTTP/1.1" 200 882 3 Nacos-Java-Client:v1.4.2 -
127.0.0.1 - - [22/Jul/2023:11:19:45 +0800] "PUT /nacos/v1/ns/instance/beat?app=unknown&serviceName=DEFAULT_GROUP%40%40userservice&namespaceId=public&port=8602&clusterName=DEFAULT&ip=192.168.75.1 HTTP/1.1" 200 75 3 Nacos-Java-Client:v1.4.2 -
192.168.75.1 - - [22/Jul/2023:11:19:46 +0800] "PUT /nacos/v1/ns/instance/beat?app=unknown&serviceName=DEFAULT_GROUP%40%40bookservice&namespaceId=public&port=8702&clusterName=DEFAULT&ip=192.168.75.1 HTTP/1.1" 200 75 2 Nacos-Java-Client:v1.4.2 -
192.168.75.1 - - [22/Jul/2023:11:19:46 +0800] "GET /nacos/v1/ns/instance/list?app=unknown&healthyOnly=false&namespaceId=public&clientIP=198.18.0.1&serviceName=DEFAULT_GROUP%40%40bookservice&udpPort=60486&clusters=DEFAULT HTTP/1.1" 200 882 3 Nacos-Java-Client:v1.4.2 -
127.0.0.1 - - [22/Jul/2023:11:19:48 +0800] "PUT /nacos/v1/ns/instance/beat?app=unknown&serviceName=DEFAULT_GROUP%40%40userservice&namespaceId=public&port=8601&clusterName=DEFAULT&ip=192.168.75.1 HTTP/1.1" 200 75 2 Nacos-Java-Client:v1.4.2 -
192.168.75.1 - - [22/Jul/2023:11:19:49 +0800] "PUT /nacos/v1/ns/instance/beat?app=unknown&serviceName=DEFAULT_GROUP%40%40bookservice&namespaceId=public&port=8701&clusterName=DEFAULT&ip=192.168.75.1 HTTP/1.1" 200 75 2 Nacos-Java-Client:v1.4.2 -
127.0.0.1 - - [22/Jul/2023:11:19:49 +0800] "GET /nacos/v1/ns/instance/list?app=unknown&healthyOnly=false&namespaceId=public&clientIP=198.18.0.1&serviceName=DEFAULT_GROUP%40%40userservice&udpPort=60971&clusters=DEFAULT HTTP/1.1" 200 882 2 Nacos-Java-Client:v1.4.2 -
127.0.0.1 - - [22/Jul/2023:11:19:50 +0800] "PUT /nacos/v1/ns/instance/beat?app=unknown&serviceName=DEFAULT_GROUP%40%40userservice&namespaceId=public&port=8602&clusterName=DEFAULT&ip=192.168.75.1 HTTP/1.1" 200 75 1 Nacos-Java-Client:v1.4.2 -
127.0.0.1 - - [22/Jul/2023:11:19:50 +0800] "GET /nacos/v1/ns/instance/list?app=unknown&healthyOnly=false&namespaceId=public&clientIP=198.18.0.1&serviceName=DEFAULT_GROUP%40%40userservice&udpPort=56324&clusters=DEFAULT HTTP/1.1" 200 882 2 Nacos-Java-Client:v1.4.2 -
192.168.75.1 - - [22/Jul/2023:11:19:51 +0800] "PUT /nacos/v1/ns/instance/beat?app=unknown&serviceName=DEFAULT_GROUP%40%40bookservice&namespaceId=public&port=8702&clusterName=DEFAULT&ip=192.168.75.1 HTTP/1.1" 200 75 2 Nacos-Java-Client:v1.4.2 -
127.0.0.1 - - [22/Jul/2023:11:19:53 +0800] "PUT /nacos/v1/ns/instance/beat?app=unknown&serviceName=DEFAULT_GROUP%40%40userservice&namespaceId=public&port=8601&clusterName=DEFAULT&ip=192.168.75.1 HTTP/1.1" 200 75 2 Nacos-Java-Client:v1.4.2 -
192.168.75.1 - - [22/Jul/2023:11:19:54 +0800] "PUT /nacos/v1/ns/instance/beat?app=unknown&serviceName=DEFAULT_GROUP%40%40bookservice&namespaceId=public&port=8701&clusterName=DEFAULT&ip=192.168.75.1 HTTP/1.1" 200 75 2 Nacos-Java-Client:v1.4.2 -
192.168.75.1 - - [22/Jul/2023:11:19:55 +0800] "GET /nacos/v1/ns/instance/list?app=unknown&healthyOnly=false&namespaceId=public&clientIP=198.18.0.1&serviceName=DEFAULT_GROUP%40%40bookservice&udpPort=60189&clusters=DEFAULT HTTP/1.1" 200 882 2 Nacos-Java-Client:v1.4.2 -
127.0.0.1 - - [22/Jul/2023:11:19:55 +0800] "PUT /nacos/v1/ns/instance/beat?app=unknown&serviceName=DEFAULT_GROUP%40%40userservice&namespaceId=public&port=8602&clusterName=DEFAULT&ip=192.168.75.1 HTTP/1.1" 200 75 3 Nacos-Java-Client:v1.4.2 -
192.168.75.1 - - [22/Jul/2023:11:19:56 +0800] "PUT /nacos/v1/ns/instance/beat?app=unknown&serviceName=DEFAULT_GROUP%40%40bookservice&namespaceId=public&port=8702&clusterName=DEFAULT&ip=192.168.75.1 HTTP/1.1" 200 75 2 Nacos-Java-Client:v1.4.2 -
192.168.75.1 - - [22/Jul/2023:11:19:56 +0800] "GET /nacos/v1/ns/instance/list?app=unknown&healthyOnly=false&namespaceId=public&clientIP=198.18.0.1&serviceName=DEFAULT_GROUP%40%40bookservice&udpPort=60486&clusters=DEFAULT HTTP/1.1" 200 882 2 Nacos-Java-Client:v1.4.2 -
127.0.0.1 - - [22/Jul/2023:11:19:58 +0800] "PUT /nacos/v1/ns/instance/beat?app=unknown&serviceName=DEFAULT_GROUP%40%40userservice&namespaceId=public&port=8601&clusterName=DEFAULT&ip=192.168.75.1 HTTP/1.1" 200 75 2 Nacos-Java-Client:v1.4.2 -
192.168.75.1 - - [22/Jul/2023:11:19:59 +0800] "PUT /nacos/v1/ns/instance/beat?app=unknown&serviceName=DEFAULT_GROUP%40%40bookservice&namespaceId=public&port=8701&clusterName=DEFAULT&ip=192.168.75.1 HTTP/1.1" 200 75 2 Nacos-Java-Client:v1.4.2 -
127.0.0.1 - - [22/Jul/2023:11:19:59 +0800] "GET /nacos/v1/ns/instance/list?app=unknown&healthyOnly=false&namespaceId=public&clientIP=198.18.0.1&serviceName=DEFAULT_GROUP%40%40userservice&udpPort=60971&clusters=DEFAULT HTTP/1.1" 200 882 2 Nacos-Java-Client:v1.4.2 -
127.0.0.1 - - [22/Jul/2023:11:20:00 +0800] "GET /nacos/v1/cs/configs?dataId=borrowservice&group=DEFAULT_GROUP HTTP/1.1" 404 23 2 Java/1.8.0_172 -
127.0.0.1 - - [22/Jul/2023:11:20:00 +0800] "GET /nacos/v1/cs/configs?dataId=borrowservice.yaml&group=DEFAULT_GROUP HTTP/1.1" 404 23 1 Java/1.8.0_172 -
127.0.0.1 - - [22/Jul/2023:11:20:00 +0800] "GET /nacos/v1/cs/configs?dataId=borrowservice-dev.yaml&group=DEFAULT_GROUP HTTP/1.1" 404 23 1 Java/1.8.0_172 -
127.0.0.1 - - [22/Jul/2023:11:20:00 +0800] "PUT /nacos/v1/ns/instance/beat?app=unknown&serviceName=DEFAULT_GROUP%40%40userservice&namespaceId=public&port=8602&clusterName=DEFAULT&ip=192.168.75.1 HTTP/1.1" 200 75 2 Nacos-Java-Client:v1.4.2 -
127.0.0.1 - - [22/Jul/2023:11:20:00 +0800] "GET /nacos/v1/ns/instance/list?app=unknown&healthyOnly=false&namespaceId=public&clientIP=198.18.0.1&serviceName=DEFAULT_GROUP%40%40userservice&udpPort=56324&clusters=DEFAULT HTTP/1.1" 200 882 2 Nacos-Java-Client:v1.4.2 -
192.168.75.1 - - [22/Jul/2023:11:20:01 +0800] "PUT /nacos/v1/ns/instance/beat?app=unknown&serviceName=DEFAULT_GROUP%40%40bookservice&namespaceId=public&port=8702&clusterName=DEFAULT&ip=192.168.75.1 HTTP/1.1" 200 75 2 Nacos-Java-Client:v1.4.2 -
127.0.0.1 - - [22/Jul/2023:11:20:03 +0800] "PUT /nacos/v1/ns/instance/beat?app=unknown&serviceName=DEFAULT_GROUP%40%40userservice&namespaceId=public&port=8601&clusterName=DEFAULT&ip=192.168.75.1 HTTP/1.1" 200 75 1 Nacos-Java-Client:v1.4.2 -
192.168.75.1 - - [22/Jul/2023:11:20:04 +0800] "PUT /nacos/v1/ns/instance/beat?app=unknown&serviceName=DEFAULT_GROUP%40%40bookservice&namespaceId=public&port=8701&clusterName=DEFAULT&ip=192.168.75.1 HTTP/1.1" 200 75 2 Nacos-Java-Client:v1.4.2 -
192.168.75.1 - - [22/Jul/2023:11:20:05 +0800] "GET /nacos/v1/ns/instance/list?app=unknown&healthyOnly=false&namespaceId=public&clientIP=198.18.0.1&serviceName=DEFAULT_GROUP%40%40bookservice&udpPort=60189&clusters=DEFAULT HTTP/1.1" 200 882 2 Nacos-Java-Client:v1.4.2 -
127.0.0.1 - - [22/Jul/2023:11:20:05 +0800] "PUT /nacos/v1/ns/instance/beat?app=unknown&serviceName=DEFAULT_GROUP%40%40userservice&namespaceId=public&port=8602&clusterName=DEFAULT&ip=192.168.75.1 HTTP/1.1" 200 75 2 Nacos-Java-Client:v1.4.2 -
192.168.75.1 - - [22/Jul/2023:11:20:06 +0800] "PUT /nacos/v1/ns/instance/beat?app=unknown&serviceName=DEFAULT_GROUP%40%40bookservice&namespaceId=public&port=8702&clusterName=DEFAULT&ip=192.168.75.1 HTTP/1.1" 200 75 1 Nacos-Java-Client:v1.4.2 -
192.168.75.1 - - [22/Jul/2023:11:20:06 +0800] "GET /nacos/v1/ns/instance/list?app=unknown&healthyOnly=false&namespaceId=public&clientIP=198.18.0.1&serviceName=DEFAULT_GROUP%40%40bookservice&udpPort=60486&clusters=DEFAULT HTTP/1.1" 200 882 2 Nacos-Java-Client:v1.4.2 -
127.0.0.1 - - [22/Jul/2023:11:20:08 +0800] "PUT /nacos/v1/ns/instance/beat?app=unknown&serviceName=DEFAULT_GROUP%40%40userservice&namespaceId=public&port=8601&clusterName=DEFAULT&ip=192.168.75.1 HTTP/1.1" 200 75 2 Nacos-Java-Client:v1.4.2 -
192.168.75.1 - - [22/Jul/2023:11:20:09 +0800] "PUT /nacos/v1/ns/instance/beat?app=unknown&serviceName=DEFAULT_GROUP%40%40bookservice&namespaceId=public&port=8701&clusterName=DEFAULT&ip=192.168.75.1 HTTP/1.1" 200 75 2 Nacos-Java-Client:v1.4.2 -
127.0.0.1 - - [22/Jul/2023:11:20:09 +0800] "GET /nacos/v1/ns/instance/list?app=unknown&healthyOnly=false&namespaceId=public&clientIP=198.18.0.1&serviceName=DEFAULT_GROUP%40%40userservice&udpPort=60971&clusters=DEFAULT HTTP/1.1" 200 882 2 Nacos-Java-Client:v1.4.2 -
127.0.0.1 - - [22/Jul/2023:11:20:10 +0800] "PUT /nacos/v1/ns/instance/beat?app=unknown&serviceName=DEFAULT_GROUP%40%40userservice&namespaceId=public&port=8602&clusterName=DEFAULT&ip=192.168.75.1 HTTP/1.1" 200 75 2 Nacos-Java-Client:v1.4.2 -
127.0.0.1 - - [22/Jul/2023:11:20:10 +0800] "GET /nacos/v1/ns/instance/list?app=unknown&healthyOnly=false&namespaceId=public&clientIP=198.18.0.1&serviceName=DEFAULT_GROUP%40%40userservice&udpPort=56324&clusters=DEFAULT HTTP/1.1" 200 882 2 Nacos-Java-Client:v1.4.2 -
192.168.75.1 - - [22/Jul/2023:11:20:11 +0800] "PUT /nacos/v1/ns/instance/beat?app=unknown&serviceName=DEFAULT_GROUP%40%40bookservice&namespaceId=public&port=8702&clusterName=DEFAULT&ip=192.168.75.1 HTTP/1.1" 200 75 2 Nacos-Java-Client:v1.4.2 -
127.0.0.1 - - [22/Jul/2023:11:20:13 +0800] "PUT /nacos/v1/ns/instance/beat?app=unknown&serviceName=DEFAULT_GROUP%40%40userservice&namespaceId=public&port=8601&clusterName=DEFAULT&ip=192.168.75.1 HTTP/1.1" 200 75 2 Nacos-Java-Client:v1.4.2 -
192.168.75.1 - - [22/Jul/2023:11:20:14 +0800] "PUT /nacos/v1/ns/instance/beat?app=unknown&serviceName=DEFAULT_GROUP%40%40bookservice&namespaceId=public&port=8701&clusterName=DEFAULT&ip=192.168.75.1 HTTP/1.1" 200 75 1 Nacos-Java-Client:v1.4.2 -
192.168.75.1 - - [22/Jul/2023:11:20:15 +0800] "GET /nacos/v1/ns/instance/list?app=unknown&healthyOnly=false&namespaceId=public&clientIP=198.18.0.1&serviceName=DEFAULT_GROUP%40%40bookservice&udpPort=60189&clusters=DEFAULT HTTP/1.1" 200 882 2 Nacos-Java-Client:v1.4.2 -
127.0.0.1 - - [22/Jul/2023:11:20:15 +0800] "PUT /nacos/v1/ns/instance/beat?app=unknown&serviceName=DEFAULT_GROUP%40%40userservice&namespaceId=public&port=8602&clusterName=DEFAULT&ip=192.168.75.1 HTTP/1.1" 200 75 1 Nacos-Java-Client:v1.4.2 -
192.168.75.1 - - [22/Jul/2023:11:20:16 +0800] "PUT /nacos/v1/ns/instance/beat?app=unknown&serviceName=DEFAULT_GROUP%40%40bookservice&namespaceId=public&port=8702&clusterName=DEFAULT&ip=192.168.75.1 HTTP/1.1" 200 75 2 Nacos-Java-Client:v1.4.2 -
192.168.75.1 - - [22/Jul/2023:11:20:16 +0800] "GET /nacos/v1/ns/instance/list?app=unknown&healthyOnly=false&namespaceId=public&clientIP=198.18.0.1&serviceName=DEFAULT_GROUP%40%40bookservice&udpPort=60486&clusters=DEFAULT HTTP/1.1" 200 882 1 Nacos-Java-Client:v1.4.2 -
127.0.0.1 - - [22/Jul/2023:11:20:18 +0800] "PUT /nacos/v1/ns/instance/beat?app=unknown&serviceName=DEFAULT_GROUP%40%40userservice&namespaceId=public&port=8601&clusterName=DEFAULT&ip=192.168.75.1 HTTP/1.1" 200 75 1 Nacos-Java-Client:v1.4.2 -
192.168.75.1 - - [22/Jul/2023:11:20:19 +0800] "PUT /nacos/v1/ns/instance/beat?app=unknown&serviceName=DEFAULT_GROUP%40%40bookservice&namespaceId=public&port=8701&clusterName=DEFAULT&ip=192.168.75.1 HTTP/1.1" 200 75 2 Nacos-Java-Client:v1.4.2 -
127.0.0.1 - - [22/Jul/2023:11:20:19 +0800] "GET /nacos/v1/ns/instance/list?app=unknown&healthyOnly=false&namespaceId=public&clientIP=198.18.0.1&serviceName=DEFAULT_GROUP%40%40userservice&udpPort=60971&clusters=DEFAULT HTTP/1.1" 200 882 2 Nacos-Java-Client:v1.4.2 -
127.0.0.1 - - [22/Jul/2023:11:20:20 +0800] "PUT /nacos/v1/ns/instance/beat?app=unknown&serviceName=DEFAULT_GROUP%40%40userservice&namespaceId=public&port=8602&clusterName=DEFAULT&ip=192.168.75.1 HTTP/1.1" 200 75 2 Nacos-Java-Client:v1.4.2 -
127.0.0.1 - - [22/Jul/2023:11:20:20 +0800] "GET /nacos/v1/ns/instance/list?app=unknown&healthyOnly=false&namespaceId=public&clientIP=198.18.0.1&serviceName=DEFAULT_GROUP%40%40userservice&udpPort=56324&clusters=DEFAULT HTTP/1.1" 200 882 2 Nacos-Java-Client:v1.4.2 -
192.168.75.1 - - [22/Jul/2023:11:20:21 +0800] "PUT /nacos/v1/ns/instance/beat?app=unknown&serviceName=DEFAULT_GROUP%40%40bookservice&namespaceId=public&port=8702&clusterName=DEFAULT&ip=192.168.75.1 HTTP/1.1" 200 75 2 Nacos-Java-Client:v1.4.2 -
127.0.0.1 - - [22/Jul/2023:11:20:23 +0800] "PUT /nacos/v1/ns/instance/beat?app=unknown&serviceName=DEFAULT_GROUP%40%40userservice&namespaceId=public&port=8601&clusterName=DEFAULT&ip=192.168.75.1 HTTP/1.1" 200 75 2 Nacos-Java-Client:v1.4.2 -
192.168.75.1 - - [22/Jul/2023:11:20:24 +0800] "PUT /nacos/v1/ns/instance/beat?app=unknown&serviceName=DEFAULT_GROUP%40%40bookservice&namespaceId=public&port=8701&clusterName=DEFAULT&ip=192.168.75.1 HTTP/1.1" 200 75 2 Nacos-Java-Client:v1.4.2 -
192.168.75.1 - - [22/Jul/2023:11:20:25 +0800] "GET /nacos/v1/ns/instance/list?app=unknown&healthyOnly=false&namespaceId=public&clientIP=198.18.0.1&serviceName=DEFAULT_GROUP%40%40bookservice&udpPort=60189&clusters=DEFAULT HTTP/1.1" 200 882 1 Nacos-Java-Client:v1.4.2 -
127.0.0.1 - - [22/Jul/2023:11:20:25 +0800] "PUT /nacos/v1/ns/instance/beat?app=unknown&serviceName=DEFAULT_GROUP%40%40userservice&namespaceId=public&port=8602&clusterName=DEFAULT&ip=192.168.75.1 HTTP/1.1" 200 75 2 Nacos-Java-Client:v1.4.2 -
192.168.75.1 - - [22/Jul/2023:11:20:26 +0800] "PUT /nacos/v1/ns/instance/beat?app=unknown&serviceName=DEFAULT_GROUP%40%40bookservice&namespaceId=public&port=8702&clusterName=DEFAULT&ip=192.168.75.1 HTTP/1.1" 200 75 2 Nacos-Java-Client:v1.4.2 -
192.168.75.1 - - [22/Jul/2023:11:20:26 +0800] "GET /nacos/v1/ns/instance/list?app=unknown&healthyOnly=false&namespaceId=public&clientIP=198.18.0.1&serviceName=DEFAULT_GROUP%40%40bookservice&udpPort=60486&clusters=DEFAULT HTTP/1.1" 200 882 2 Nacos-Java-Client:v1.4.2 -
127.0.0.1 - - [22/Jul/2023:11:20:28 +0800] "PUT /nacos/v1/ns/instance/beat?app=unknown&serviceName=DEFAULT_GROUP%40%40userservice&namespaceId=public&port=8601&clusterName=DEFAULT&ip=192.168.75.1 HTTP/1.1" 200 75 2 Nacos-Java-Client:v1.4.2 -
192.168.75.1 - - [22/Jul/2023:11:20:29 +0800] "PUT /nacos/v1/ns/instance/beat?app=unknown&serviceName=DEFAULT_GROUP%40%40bookservice&namespaceId=public&port=8701&clusterName=DEFAULT&ip=192.168.75.1 HTTP/1.1" 200 75 2 Nacos-Java-Client:v1.4.2 -
127.0.0.1 - - [22/Jul/2023:11:20:29 +0800] "GET /nacos/v1/ns/instance/list?app=unknown&healthyOnly=false&namespaceId=public&clientIP=198.18.0.1&serviceName=DEFAULT_GROUP%40%40userservice&udpPort=60971&clusters=DEFAULT HTTP/1.1" 200 882 1 Nacos-Java-Client:v1.4.2 -
127.0.0.1 - - [22/Jul/2023:11:20:30 +0800] "PUT /nacos/v1/ns/instance/beat?app=unknown&serviceName=DEFAULT_GROUP%40%40userservice&namespaceId=public&port=8602&clusterName=DEFAULT&ip=192.168.75.1 HTTP/1.1" 200 75 1 Nacos-Java-Client:v1.4.2 -
127.0.0.1 - - [22/Jul/2023:11:20:30 +0800] "GET /nacos/v1/ns/instance/list?app=unknown&healthyOnly=false&namespaceId=public&clientIP=198.18.0.1&serviceName=DEFAULT_GROUP%40%40userservice&udpPort=56324&clusters=DEFAULT HTTP/1.1" 200 882 1 Nacos-Java-Client:v1.4.2 -
192.168.75.1 - - [22/Jul/2023:11:20:31 +0800] "PUT /nacos/v1/ns/instance/beat?app=unknown&serviceName=DEFAULT_GROUP%40%40bookservice&namespaceId=public&port=8702&clusterName=DEFAULT&ip=192.168.75.1 HTTP/1.1" 200 75 1 Nacos-Java-Client:v1.4.2 -
127.0.0.1 - - [22/Jul/2023:11:20:33 +0800] "PUT /nacos/v1/ns/instance/beat?app=unknown&serviceName=DEFAULT_GROUP%40%40userservice&namespaceId=public&port=8601&clusterName=DEFAULT&ip=192.168.75.1 HTTP/1.1" 200 75 2 Nacos-Java-Client:v1.4.2 -
192.168.75.1 - - [22/Jul/2023:11:20:34 +0800] "PUT /nacos/v1/ns/instance/beat?app=unknown&serviceName=DEFAULT_GROUP%40%40bookservice&namespaceId=public&port=8701&clusterName=DEFAULT&ip=192.168.75.1 HTTP/1.1" 200 75 1 Nacos-Java-Client:v1.4.2 -
192.168.75.1 - - [22/Jul/2023:11:20:35 +0800] "GET /nacos/v1/ns/instance/list?app=unknown&healthyOnly=false&namespaceId=public&clientIP=198.18.0.1&serviceName=DEFAULT_GROUP%40%40bookservice&udpPort=60189&clusters=DEFAULT HTTP/1.1" 200 882 2 Nacos-Java-Client:v1.4.2 -
127.0.0.1 - - [22/Jul/2023:11:20:35 +0800] "PUT /nacos/v1/ns/instance/beat?app=unknown&serviceName=DEFAULT_GROUP%40%40userservice&namespaceId=public&port=8602&clusterName=DEFAULT&ip=192.168.75.1 HTTP/1.1" 200 75 2 Nacos-Java-Client:v1.4.2 -
192.168.75.1 - - [22/Jul/2023:11:20:36 +0800] "PUT /nacos/v1/ns/instance/beat?app=unknown&serviceName=DEFAULT_GROUP%40%40bookservice&namespaceId=public&port=8702&clusterName=DEFAULT&ip=192.168.75.1 HTTP/1.1" 200 75 2 Nacos-Java-Client:v1.4.2 -
192.168.75.1 - - [22/Jul/2023:11:20:36 +0800] "GET /nacos/v1/ns/instance/list?app=unknown&healthyOnly=false&namespaceId=public&clientIP=198.18.0.1&serviceName=DEFAULT_GROUP%40%40bookservice&udpPort=60486&clusters=DEFAULT HTTP/1.1" 200 882 1 Nacos-Java-Client:v1.4.2 -
127.0.0.1 - - [22/Jul/2023:11:20:38 +0800] "PUT /nacos/v1/ns/instance/beat?app=unknown&serviceName=DEFAULT_GROUP%40%40userservice&namespaceId=public&port=8601&clusterName=DEFAULT&ip=192.168.75.1 HTTP/1.1" 200 75 1 Nacos-Java-Client:v1.4.2 -
192.168.75.1 - - [22/Jul/2023:11:20:39 +0800] "PUT /nacos/v1/ns/instance/beat?app=unknown&serviceName=DEFAULT_GROUP%40%40bookservice&namespaceId=public&port=8701&clusterName=DEFAULT&ip=192.168.75.1 HTTP/1.1" 200 75 2 Nacos-Java-Client:v1.4.2 -
127.0.0.1 - - [22/Jul/2023:11:20:39 +0800] "GET /nacos/v1/ns/instance/list?app=unknown&healthyOnly=false&namespaceId=public&clientIP=198.18.0.1&serviceName=DEFAULT_GROUP%40%40userservice&udpPort=60971&clusters=DEFAULT HTTP/1.1" 200 882 2 Nacos-Java-Client:v1.4.2 -
127.0.0.1 - - [22/Jul/2023:11:20:40 +0800] "PUT /nacos/v1/ns/instance/beat?app=unknown&serviceName=DEFAULT_GROUP%40%40userservice&namespaceId=public&port=8602&clusterName=DEFAULT&ip=192.168.75.1 HTTP/1.1" 200 75 2 Nacos-Java-Client:v1.4.2 -
127.0.0.1 - - [22/Jul/2023:11:20:40 +0800] "GET /nacos/v1/ns/instance/list?app=unknown&healthyOnly=false&namespaceId=public&clientIP=198.18.0.1&serviceName=DEFAULT_GROUP%40%40userservice&udpPort=56324&clusters=DEFAULT HTTP/1.1" 200 882 2 Nacos-Java-Client:v1.4.2 -
192.168.75.1 - - [22/Jul/2023:11:20:41 +0800] "PUT /nacos/v1/ns/instance/beat?app=unknown&serviceName=DEFAULT_GROUP%40%40bookservice&namespaceId=public&port=8702&clusterName=DEFAULT&ip=192.168.75.1 HTTP/1.1" 200 75 2 Nacos-Java-Client:v1.4.2 -
127.0.0.1 - - [22/Jul/2023:11:20:43 +0800] "PUT /nacos/v1/ns/instance/beat?app=unknown&serviceName=DEFAULT_GROUP%40%40userservice&namespaceId=public&port=8601&clusterName=DEFAULT&ip=192.168.75.1 HTTP/1.1" 200 75 1 Nacos-Java-Client:v1.4.2 -
192.168.75.1 - - [22/Jul/2023:11:20:44 +0800] "PUT /nacos/v1/ns/instance/beat?app=unknown&serviceName=DEFAULT_GROUP%40%40bookservice&namespaceId=public&port=8701&clusterName=DEFAULT&ip=192.168.75.1 HTTP/1.1" 200 75 2 Nacos-Java-Client:v1.4.2 -
192.168.75.1 - - [22/Jul/2023:11:20:45 +0800] "GET /nacos/v1/ns/instance/list?app=unknown&healthyOnly=false&namespaceId=public&clientIP=198.18.0.1&serviceName=DEFAULT_GROUP%40%40bookservice&udpPort=60189&clusters=DEFAULT HTTP/1.1" 200 882 2 Nacos-Java-Client:v1.4.2 -
127.0.0.1 - - [22/Jul/2023:11:20:45 +0800] "PUT /nacos/v1/ns/instance/beat?app=unknown&serviceName=DEFAULT_GROUP%40%40userservice&namespaceId=public&port=8602&clusterName=DEFAULT&ip=192.168.75.1 HTTP/1.1" 200 75 2 Nacos-Java-Client:v1.4.2 -
192.168.75.1 - - [22/Jul/2023:11:20:46 +0800] "PUT /nacos/v1/ns/instance/beat?app=unknown&serviceName=DEFAULT_GROUP%40%40bookservice&namespaceId=public&port=8702&clusterName=DEFAULT&ip=192.168.75.1 HTTP/1.1" 200 75 2 Nacos-Java-Client:v1.4.2 -
192.168.75.1 - - [22/Jul/2023:11:20:46 +0800] "GET /nacos/v1/ns/instance/list?app=unknown&healthyOnly=false&namespaceId=public&clientIP=198.18.0.1&serviceName=DEFAULT_GROUP%40%40bookservice&udpPort=60486&clusters=DEFAULT HTTP/1.1" 200 882 2 Nacos-Java-Client:v1.4.2 -
127.0.0.1 - - [22/Jul/2023:11:20:48 +0800] "PUT /nacos/v1/ns/instance/beat?app=unknown&serviceName=DEFAULT_GROUP%40%40userservice&namespaceId=public&port=8601&clusterName=DEFAULT&ip=192.168.75.1 HTTP/1.1" 200 75 2 Nacos-Java-Client:v1.4.2 -
